Microsoft (R) Macro Assembler Version 14.15.26729.0	    09/17/18 21:11:47
Homework42.asm						     Page 1 - 1


				.386
				.model flat,stdcall
				.stack 4096
				ExitProcess proto,dwExitCode:dword
 00000000			.data
 00000000 0054 0068 0069	source WORD "T","h","i","s"," ","i","s"," ","i","t",0
	   0073 0020 0069
	   0073 0020 0069
	   0074 0000
 00000016  00000016 [		target WORD SIZEOF source DUP(0)
	    0000
	   ]

 00000000			.data?
 00000000 00000000		count DWORD ?
 00000000			.code
 00000000			main PROC
 00000000  BE 00000000		  mov esi,0
 00000005  B9 00000016		  mov ecx,SIZEOF source
 0000000A			L1:
 0000000A  89 0D 00000000 R	  mov count, ecx
 00000010  B9 00000002		  mov ecx, 2
 00000015  66| 8B 86		  mov ax,source[esi]
	   00000000 R
 0000001C  66| 89 86		  mov target[esi],ax
	   00000016 R
 00000023  EB 0B		  jmp L2
 00000025			  L11:
 00000025  46			  inc esi
 00000026  8B 0D 00000000 R	  mov ecx, count
 0000002C  E2 DC		  loop L1
 0000002E  EB 10		  jmp exit
 00000030			  L2:
 00000030  8A 86 00000000 R	    mov al,BYTE PTR source[esi]
 00000036  88 86 00000016 R	    mov BYTE PTR target[esi],al
 0000003C  E2 F2		    loop L2
 0000003E  EB E5		    jmp L11
 00000040			    exit:
				  invoke ExitProcess,0
 00000040  6A 00	   *	    push   +000000000h
 00000042  E8 00000000 E   *	    call   ExitProcess
 00000047			main ENDP
				END main
Microsoft (R) Macro Assembler Version 14.15.26729.0	    09/17/18 21:11:47
Homework42.asm						     Symbols 2 - 1




Segments and Groups:

                N a m e                 Size     Length   Align   Combine Class

FLAT . . . . . . . . . . . . . .	GROUP
STACK  . . . . . . . . . . . . .	32 Bit	 00001000 DWord	  Stack	  'STACK'	 
_BSS . . . . . . . . . . . . . .	32 Bit	 00000004 DWord	  Public  'BSS'  
_DATA  . . . . . . . . . . . . .	32 Bit	 00000042 DWord	  Public  'DATA'	
_TEXT  . . . . . . . . . . . . .	32 Bit	 00000047 DWord	  Public  'CODE'	


Procedures, parameters, and locals:

                N a m e                 Type     Value    Attr

ExitProcess  . . . . . . . . . .	P Near	 00000000 FLAT	Length= 00000000 External STDCALL
main . . . . . . . . . . . . . .	P Near	 00000000 _TEXT	Length= 00000047 Public STDCALL
  L1 . . . . . . . . . . . . . .	L Near	 0000000A _TEXT	
  L11  . . . . . . . . . . . . .	L Near	 00000025 _TEXT	
  L2 . . . . . . . . . . . . . .	L Near	 00000030 _TEXT	
  exit . . . . . . . . . . . . .	L Near	 00000040 _TEXT	


Symbols:

                N a m e                 Type     Value    Attr

@CodeSize  . . . . . . . . . . .	Number	 00000000h   
@DataSize  . . . . . . . . . . .	Number	 00000000h   
@Interface . . . . . . . . . . .	Number	 00000003h   
@Model . . . . . . . . . . . . .	Number	 00000007h   
@code  . . . . . . . . . . . . .	Text   	 _TEXT
@data  . . . . . . . . . . . . .	Text   	 FLAT
@fardata?  . . . . . . . . . . .	Text   	 FLAT
@fardata . . . . . . . . . . . .	Text   	 FLAT
@stack . . . . . . . . . . . . .	Text   	 FLAT
count  . . . . . . . . . . . . .	DWord	 00000000 _BSS	
source . . . . . . . . . . . . .	Word	 00000000 _DATA	
target . . . . . . . . . . . . .	Word	 00000016 _DATA	

	   0 Warnings
	   0 Errors
